C1:80000000
C2h
hwsetting size: 00000a70

REG32(VO_SW_SEC_1) = 0x01ce0244
warmboot_indicator = 0x00000545
C3
DTE_Bootcode Flash Addr = 0x00012600
DTE_Bootcode Flash Length = 0x00044a00
DTE_Bootcode target addr = 0x03000000
C4
C5
return to rom
DTE_Bootcode: Oct 23 2019, 10:46:12
Trap to SCS_MEM->BL31
DTE_Bootcode 2nd run
p_FW_Entry_DTE_BOOTCODE_RTK: type: 16, flash_addr: 0x1a0000, length: 0x180000, emmc_partition: 0
p_FW_Entry_DTE_FW_Certificate: type: 10, flash_addr: 0x20c00, length: 0x400, emmc_partition: 0
get_dte_fw_certificate = 0x00000001
fw entry:
	type = 0x0000000a
	flash_addr = 0x00020c00
	length = 0x00000400
copy_img_from_emmc(00000000, 00001906, 00000400, 0300cba0)
SHA256_hash(0300cba0, 00000300, 0300d0a0, 00000000, 00000001)
sha256 hash (0x0300d0a0)
0x0300d0a0: f0 3c 11 2b 1c d1 86 e4 24 7f 23 47 49 20 ec 41
0x0300d0b0: b0 80 fc 08 0b 00 32 fc 7b 4e 50 d5 4b 98 56 f3

verify_dte_fw_certificate = 0x00000000
g_DTE_FW_Certificate.Key_Rights = 0x00000004
process_dte_fw_certificate: 0x0
NOTICE:  scs_process_bootarray_fw_table from emmc...
NOTICE:  Load BACKUP bootarray_fw table.
get_dte_bootcode_rtk = 0x00000001
fw entry:
	type = 0x00000010
	flash_addr = 0x001a0000
	length = 0x00180000
copy_img_from_emmc(00000000, 00002500, 00180000, 00030000)
DTE_Bootcode_RTK before decrypt (0x00030000)
0x00030000: 68 30 76 e7 4f 96 fd 7a 20 1f 6b 51 9c e0 ae aa
0x00030010: d8 60 bc af 72 e5 82 eb 37 c5 16 c8 d1 41 2e c8

DTE_Bootcode_RTK after decrypt (0x00030000)
0x00030000: 05 00 00 14 1f 20 03 d5 1f 20 03 d5 1f 20 03 d5
0x00030010: 1f 20 03 d5 5c 42 38 d5 9c ff 42 d3 9f 07 00 f1

SHA256_hash(00030000, 0017ff00, 0300d0a0, 00000000, 00000001)
sha256 hash (0x0300d0a0)
0x0300d0a0: e8 95 30 47 cf cb b1 5d 31 57 e8 79 d4 6b 46 44
0x0300d0b0: f5 75 a9 79 5d a1 09 df a0 29 16 60 f0 01 be e1

return hash2 = 0x0300cfa0
hash1 from CP (0x0300d0a0)
0x0300d0a0: e8 95 30 47 cf cb b1 5d 31 57 e8 79 d4 6b 46 44
0x0300d0b0: f5 75 a9 79 5d a1 09 df a0 29 16 60 f0 01 be e1

hash2 from sig (0x0300cfa0)
0x0300cfa0: e8 95 30 47 cf cb b1 5d 31 57 e8 79 d4 6b 46 44
0x0300cfb0: f5 75 a9 79 5d a1 09 df a0 29 16 60 f0 01 be e1


compare_memory(0300d0a0, 0300cfa0, 00000020): 00000000
process_dte_bootcode_rtk: 0x0
jump to 0x30000
LK : arm_gic_init_v3 cpu 0

welcome to lk/MP

boot args 0x8b000 0x1000 0x98007800 0x0
INIT: cpu 0, calling hook 0x7fb40 (version) at level 0x3ffff, flags 0x1
version:
	arch:     ARM64
	platform: RTD161X
	target:   RTD161X
	project:  RTD161X_MELON_AARCH32
	buildid:  90E13CE49_WED_AUG__3_11:09:27_KST_2022
initializing heap
calling constructors
initializing mp
initializing threads
initializing timers
initializing ports
creating bootstrap completion thread
top of bootstrap2()
INIT: cpu 0, calling hook 0x7ded0 (sysparam) at level 0x70000, flags 0x1
INIT: cpu 0, calling hook 0xacd20 (lwip) at level 0x70000, flags 0x1
creating bootstrap completion thread for cpu 1
creating bootstrap completion thread for cpu 2
creating bootstrap completion thread for cpu 3
creating bootstrap completion thread for cpu 4
creating bootstrap completion thread for cpu 5
initializing platform
PLL_EMMC1 = 0x00000003
switch frequency to 0x46, divder to 0x80
switch frequency to 0x46, divder to 0x4
switch_bus: width = 0x00000002
switch speed to 0x1 success 
switch frequency to 0x57, divder to 0x1
switch erase_group_def to 0x1 success 
sec_count = 0xe72000 
Erase Unit Size = 512KB * 0x1 
factory_init, factory size:0x400000
MMC
Factory: pp:0, seq#:0x55, size:0x1400
NOTICE:  get TEEOS ok
NOTICE:  TEEOS decrypt OK
NOTICE:  TEEOS verify ok
NOTICE:  [Thor B00] process_PCPU_FW 
NOTICE:  Load PCPU Certificate from Flash ok
NOTICE:  Load PCPU FW from Flash ok
NOTICE:  Start to Load Cert by mailbox
NOTICE:  SEND_PCPU_OTP_DATA
NOTICE:  Load Cert by mailbox Done
NOTICE:  Load Cert by mailbox Done
NOTICE:  Start to verify Cert
NOTICE:  Start to Load PCPU FW by mailbox
NOTICE:  Load PCPU FW by mailbox Done
NOTICE:  Start to verify PCPU FW
NOTICE:  PCPU FW Start
NOTICE:  get av fw ok, size: 0x41df04
NOTICE:  av fw decrypt OK
NOTICE:  get av fw cert OK
NOTICE:  av fw verify ok
Bring UP slave CPUs
initializing target
INIT: cpu 0, calling hook 0x57bb0 (r8168) at level 0x90000, flags 0x1
r8168: REALTEK RTL8168 @0x98016000
Realtek GBE Family Controller 32 mcfg = 0024
netif flags 0x23
hw addr 00:10:20:30:05:a0
netif en ip 192.168.100.1 netmask 255.255.255.0 gw 192.168.100.254
link down
calling apps_init()
Set ACPU share memory
------------can't find tmp/factory/000BootParam.h
Default Power-Config
mmc_boot_read_gpt, reading 17408 bytes to 0x1449e350 from LBA:0
mmc_boot_read_gpt, reading 16896 bytes to 0x144a2750 from LBA:0
HDMITx_HPD=False
------------param partition found
------------param ONE_STEP_INFO found
Sink changed, Pre[df 52] Now[00 00], Skip ONE_STEP_FORMAT
tv_system=25 mode=1
Please Press Key
INIT: cpu 1, calling hook 0x32c70 (slave_cpu_spin) at level 0x3ffff, flags 0x2
INIT: cpu 5, calling hook 0x32c70 (slave_cpu_spin) at level 0x3ffff, flags 0x2
INIT: cpu 2, calling hook 0x32c70 (slave_cpu_spin) at level 0x3ffff, flags 0x2
INIT: cpu 4, calling hook 0x32c70 (slave_cpu_spin) at level 0x3ffff, flags 0x2
INIT: cpu 3, calling hook 0x32c70 (slave_cpu_spin) at level 0x3ffff, flags 0x2
PCPU_FW_START
Please Press Key
Please Press Key
starting app rtkboot
Load BACKUP bootarray_fw table.
---------------LOAD  NORMAL2  FW  TABLE ---------------
fw_desc_table_start = 0x00a29000
fw_desc_table_ddr_base = 0x0x144a0580
[INFO] fw desc table base: 0x00a29000, count: 9
[DEBUG] fw_entry = 0x144a08a0
Normal boot fw flow...
Audio2
	 FW Image preload on 0x0f900000, size=0x0041df04 (0x0fd1df04)
Address for boot logo from 2f700000 to 30000000 will be reserved.
starting app pmic
probe device name=apw8889,arg0=0,arg1=18
apw8889 chip_id=5a
apw8889 rev3
dc1_mode: set to force_pwm[2]
dc1_mode: force_pwm[2]
dc2_mode: set to force_pwm[2]
dc2_mode: force_pwm[2]
Logo
	 FW Image to 0x2f700000, size=0x007e9000 (0x2fee9000)
	 FW Image fr 0x0d752000 
BOOT_IMAGE2
	 Encrypted FW Image to 0x20000000, size=0x02000000 (0x22000000)
	 Encrypted FW Image fr 0x03e52000 
NOTICE:  IMAGE_VERSION: 0x0
IMAGE Version Check Success!!
IMAGE Market ID Check Success!!
Kernel 32bit:
	 FW Image to 0x00208000, size=0x01332080 (0x0153a080)
	 FW Image fr 0x20000800 
decrypt from 0x00208000 to 0x00208000, len:0x01332080
DTB:
	 FW Image to 0x02100000, size=0x0000fd00 (0x0210fd00)
	 FW Image fr 0x21333000 
decrypt from 0x02100000 to 0x02100000, len:0x0000fd00
SET fdt_addr: 0x0000000002100000
SET fdt_cd: /
Apply dtbo_index 0
avb_slot_verify...
load_and_verify_vbmeta...
validate_vbmeta_public_key...
read_rollback_index...
desc.tag = 1 
desc.tag = 2 
AVB_DESCRIPTOR_TAG_HASH, DO NOTHING 
desc.tag = 2 
AVB_DESCRIPTOR_TAG_HASH, DO NOTHING 
desc.tag = 1 
desc.tag = 3 
desc.tag = 3 
avb_slot_verify... 0, dm="1 vroot none ro 1,0 2692800 verity 1 PARTUUID=$(ANDROID_SYSTEM_PARTUUID) PARTUUID=$(ANDROID_SYSTEM_PARTUUID) 4096 4096 336600 336600 sha1 5beb24cdac8cabade35d28e9d00b8609fa99cf9f 1ee4075386e7c0dabdad0fce5dccfee7e2d0a2dac42918283e7ddcc8400ae9de 10 $(ANDROID_VERITY_MODE) ignore_zero_blocks use_fec_from_device PARTUUID=$(ANDROID_SYSTEM_PARTUUID) fec_roots 2 fec_blocks 339252 fec_start 339252" root=/dev/dm-0
avb_slot_verify... 1, ret=0
read_is_device_unlocked...
Booting ACPU...
Booti[nAVg aCaPrUc] h32Se Kt ernDeelbu...g 
lfedtv_ell oafldadagdr   : 0x0x8f021cc00b50007
4 *fl[aFDTg]   ad0xd b0footcb-s69eco7nd0 aryuc-aacddrhe t  o /0cpxaus/fccpb6u@19
70 
[AfVdtC_PUupd]at Se_cetpu _Deoppbs:u gi nlveavleidl  fs*s pvtarlDueeb u[g0F 0la 0]g
  0x0000000[1 FD
T][ AUupdDIatO]e MRACos adStdraresstT
akeskrnCrel_eloatadeadHdoro k!: 
onx0la02ss08if00yB0
  ding num =  0x00000002 DC (DA)
[FW]Bring up hwsetting
get_HDMI_HDCP_CR_reg: 0xdeaddead
Finish kylin_bring_temp hwsetting
[+][AO][aio_HWEnable]
[AO]aio_CRTOn:
[AO]aio_PowerControlGlobalOn:
[AO]aio_ResetBitEnable:
SYS_SOFT_RESET3 [ 0x98000008]: 0x50150151
SYS_CLOCK_ENABLE1 [ 0x98000050]: 0x45014501
SYS_CLOCK_ENABLE3 [ 0x98000058]: 0x00400144
[AO]aio_PowerControlHDMIOn:
SYS_CLOCK_ENABLE3 [ 0x98000058]: 0x00440144
[CRT]dac(0),hdmi(1),i2s(0),spdif(0)
[AO]aio_PowerControlI2SOn:
SYS_CLOCK_ENABLE3 [ 0x98000058]: 0x01440144
[CRT]dac(0),hdmi(1),i2s(1),spdif(0)
[CRT]dac(0),hdmi(1),i2s(1),spdif(0)
[-][AO][aio_HWEnable]
[Audio]SetTickRate  0x000000c8
[ACPU] Set protect, start: 0x00000000 end: 0x00001000 moduleid:6

Enable: AC3 DDP 

[AO][InitHDMIVideoType]HDMI Frequecny 148, resolution 25

[AO][_AO_DAC_Set]on
[+][AO][aio_RPCAnalogAudio]1
[AO]aio_PowerControlDACOn_clk:
SYS_CLOCK_ENABLE3 [ 0x98000058]: 0x01455144
[CRT]dac(1),hdmi(1),i2s(1),spdif(0)




[AO]ao_SetDACAnalogOn:
AIO_O_ACANA_GCTL1 [ 0x98006604]: 0x24951505
AIO_I_ACANA_ADC_GCTL2 [ 0x98006610]: 0x00001a00
AIO_I_ADC_TCON [ 0x98006770]: 0x00002e00
AIO_I_ADC_TCON [ 0x98006770]: 0x00002f00
[CRT]dac(1),hdmi(1),i2s(1),spdif(0)
[-][AO][aio_RPCAnalogAudio]

@@@@@@@One Step TV System magic number = 0xc0de0bee, addr = 0xa002f800@@@@@@@

@@@@@@@@@ boot_info->tv_sys.interfaceType 0
[AO] DAC_SET_IN_POWERONVIDEO
[AO][_AO_DAC_Set]on
[+][AO][aio_RPCAnalogAudio]1
[AO]aio_PowerControlDACOn_clk:
SYS_CLOCK_ENABLE3 [ 0x98000058]: 0x01455144
[CRT]dac(1),hdmi(1),i2s(1),spdif(0)
J
pum
o t
erk
] n[elA 3O2
 ao_SetDACAnalogOn:
AIO_O_ACANA_GC[TL1 [ 0x98006604]: 0x24951505
AIO_I_ACANA_ADC_GCTL2 [ 0x98006610]: 0x00001a00
AIO_I_ADC_TCON [ 0x98006770]: 0x00002e00
AIO_I_ADC_TCON [ 0x98006770]: 0x00002f00
[CRT]dac(1),hdmi(1),i2s(1),spdif(0)
[-][AO][aio_RPCAnalogAudio]
vo->hdr_ctrl.hdr_out_ctrl_mode:0
[VO]HDRModeConfig:vo->tv_cap.tv_type:0
[VO_SetVideoStandard]st 25 p 1 1 0
[VO_SetVideoStandard]dp_standard:1 data0  0x00000004 data1  0x00000000
[VO_SetVideoStandard]HDMIoff 0 is_tve_on 1 user_cvbs_off 0
    0.000000] Booting Linux on physical CPU 0x0
[    0.000000] Linux version 4.9.119 (darron@TVSTORM-BUILDSERVER11) (gcc version 6.4.1 20180307 (Realtek ASDK-6.4.1 Build 2778) ) #72 SMP PREEMPT Wed Mar 10 02:30:40 UTC 2021
[    0.000000] CPU: ARMv7 Processor [411fd050] revision 0 (ARMv7), cr=10c0383d
[    0.000000] CPU: div instructions available: patching division code
[    0.000000] CPU: PIPT / VIPT nonaliasing data cache, VIPT aliasing instruction cache
[    0.000000] OF: fdt:Machine model: Realtek RTD1619 Mjolnir Board (2GB, AVB, TEE, Melon)
[    0.000000] DTlvds.format 0 port_setting  0x00000381 lvds_wb 0
vo->mixer_call_dsr: 0x00000000
[VO setTVStandard 25 3D 0 0]

(TVE) TVE_DAC_mode 0,cmd->enProg 1!!
TV_NTSC_J
~~comp 0, ch2 1, mode_3D 0!!
~~comp 0, ch2 1, mode_3D 0!!
~~TVE standard#
: logo_start_addr 0x2f700000, size 0x900000
[    0.000000] DT: free_logo_reserved_region 0
[    0.000000] DT: saving_section_page_table 0
[    0.000000] earlycon: uart8250 at MMIO32 0x98007800 (options '')
[    0.000000] bootconsole [uart8250] enabled
SetVideoStandard return!

(VO_ConfigHDMI_InfoFrame) L:282, is_hdmi_plugin 1, hdmiMode 1!!Mode 1 dataByte1  0x00000000  0x00000000  0x00000000
dataByte4  0x00000000  0x00000000 int0  0x00000001

(HDMI_3D) mode 1, HDMI_gen 1, En_3D 0, Format_3D 0 scramble:0 rrange:0 yrange:0 RGB_or_YCbCr:0 Pixel_Colocrt:0 Deep_Color:0 Deep_Depth:0 xvycc:0
@@vo->hdr_ctrl.trans:0 HDMI_gen_dynamic_range_master_infoframe
@@set C1C0 to 2(BT709),set EC2EC1EC0 to 0

 go back SET_HDMI!!
boot_info  0xa002f600 magic  0x2452544d en 0
[AO][+]_AO_setup_default_audio_infoframe
hdmi_module_path_disable
[+]SET_HDMI_Audio
Audio_Channel_Count(1):2CH, audio_layout:0
HDMI_Frequency 148 :1080p50,1080p60
Sampling_Frequency 3 :48K
CTS = 148500, N = 6144
[+]HDMI_gen_audio_infoframe
CA:2CH: L,R
[-]HDMI_gen_audio_infoframe
[-]SET_HDMI_Audio
hdmi_module_path_enable
[AO][-]_AO_setup_default_audio_infoframe
Jump to kernel 32
Jump to kernel 32
Jump to kernel 32
Jump to kernel 32
Jump to kernel 32

[ROS: openRPC() intr_secure_r buf  0x80006032 s  0x80006032 e  0x80016032 i  0x80006032
[ROS: openRPC() buf  0xa30409e2 intr_secure_to_sys_dev_r NULL


[ROS: openRPC() intr_scpu_dev_r buf  0x00e2ff01 s  0x00e2ff01 e  0x00e4ff01 i  0x00e2ff01
[ROS: openRPC() kern_scpu_dev_r buf  0x00f2ff01 s  0x00f2ff01 e  0x00f4ff01 i  0x00f2ff01
[ROS: openStubRPC() intr_secure_w buf  0x80016032 s  0x80016032 e  0x80026032 i 
[ROS: openStubRPC() buf  0x109d8bf4 intr_secure_to_sys_w NULL


[ROS: openStubRPC() intr_w buf  0x00e6ff01 s  0x00e6ff01 e  0x00e8ff01 i  0x00e6ff01
[ROS: openStubRPC() kern_w buf  0x00f4ff01 s  0x00f4ff01 e  0x00f6ff01 i  0x00f4ff01----------(Thor)
AudioVerion:303063c1098bbb79e311947a6cf03b0a21bc765d
AudioCommitDate:Feb 24 16:57:17 2021
CommonVersion:ecbf2bd1ab6245ca433a74dfd3da36a5e98268bd
BinaryCompiled:Jul 26 2021 13:51:47
Note =  Secure
-------------------




[A] gloabl malloc size  0x003ffd48 




[A] gloabl malloc size  0x003ffd48 ptr  0x52b00000




[A] gloabl malloc size  0x00080000 ptr  0x52f00000 (128K)




[A] gloabl malloc size  0x00080000 ptr  0x52f80000 (256K)




[A] gloabl malloc size  0x00100000 ptr  0x53000000 (512K)
----------(Thor)
AudioVerion:303063c1098bbb79e311947a6cf03b0a21bc765d
AudioCommitDate:Feb 24 16:57:17 2021
CommonVersion:ecbf2bd1ab6245ca433a74dfd3da36a5e98268bd
BinaryCompiled:Jul 26 2021 13:51:47
Note =  Secure
-------------------

[VO_Task_Poll]delta long!!100449
[AUDIO WARNING] 
 do Remote Malloc non-secure. Size 2088976 Ptr  0x94200000 id 36
[VO]V1  still buf mem: 0x94200000
eotf:0 tran:0 color_space:0 nits:4 gma:0
eotf:0 tran:0 color_space:0 nits:4
[AUDIO WARNING] 
 do Remote Malloc non-secure. Size 2088976 Ptr  0x943ff000 id 36
[VO]V2  still buf mem: 0x943ff000
[AUDIO WARNING] 
 do Remote Malloc non-secure. Size 2488320 Ptr  0x945fe000 id 36

 do Remote Malloc. Size  0x0025f800 ptr  0x53100000
[AUDIO WARNING] 
 do Remote Malloc non-secure. Size 245776 Ptr  0x9485e000 id 36
[AUDIO WARNING] 
 do Remote Malloc non-secure. Size 48400 Ptr  0x9489b000 id 36
[AUDIO WARNING] 
 do Remote Malloc non-secure. Size 23056 Ptr  0x948a7000 id 36
[AUDIO WARNING] 
 do Remote Malloc non-secure. Size 4112 Ptr  0x948ad000 id 36
[ACPU] CreateGlobalAgent
CreateGlobalAO start
CreateAudioAgent (pAgent: 0x52b1f778,Type: 0x00000007)

 do Remote Malloc. Size  0x00186000 ptr  0x53360000

 do Remote Malloc. Size  0x00186000 ptr  0x534e7000
[AO]AUDIO_SCMS_DEFAULT
HdmiSet2ch: force2( 0x0000007f) cfg(0) maxch(2) ap(1) dmx(1) idx(0)
[cs][I2S]( 0x02200004  0x0000000b)
[cs][SPF]( 0x02200004  0x0000000b)
[cs][HDMI]( 0x02200004  0x0000000b)
CreateGlobalAO end
CreateGlobalPP start
CreateAudioAgent (pAgent: 0x52b32810,Type: 0x0000000f)
<APP> create start( 0x52b32810)

<APP> PP Create!!!!!!
<APP> SmoothPlayback create
<APP> EQ create
<APP> create end
[ACPU] ReleasePPPinID 0
[ACPU] ReleasePPPinID 1
[ACPU] ReleasePPPinID 2
[ACPU] ReleasePPPinID 3
[ACPU] ReleasePPPinID 4
[ACPU] ReleasePPPinID 5
CreateGlobalPP end


[PP PCM_OUT Buffer INIT 7  0x72cb7b80 0x72cbfb80 0xffffffff]
CreatePPAOBuffer end
ConnectPPAO end

[VO_Task_Poll]delta long!!8394
[AUDIO WARNING] 
 do Remote Malloc non-secure. Size 32832 Ptr  0x948af000 id 36
[AUDIO WARNING] 
 do Remote Malloc non-secure. Size 304 Ptr  0x948b8000 id 36
[AUDIO WARNING] 
 do Remote Malloc non-secure. Size 592 Ptr  0x948b9000 id 36
HSE_AGENT_malloc: gpHSEAgent_addr  0x948b9000
----------(Thor)
AudioVerion:303063c1098bbb79e311947a6cf03b0a21bc765d
AudioCommitDate:Feb 24 16:57:17 2021
CommonVersion:ecbf2bd1ab6245ca433a74dfd3da36a5e98268bd
BinaryCompiled:Jul 26 2021 13:51:47
Note =  Secure
-------------------
SPEEDSCALE_init begin
SPEEDSCALE_init end
[AVCPU] Set Debug level flag  0x8fcc5948 *flag  0x02600000 ucache  0xa2600000 
INFO:    USER-TA: [TA_init_anti_rollback_clock]DRM_clock = 1779501168
INFO:    USER-TA: HDCP14 TA Open
INFO:    USER-TA: Send RPC_VMX_OUTPUT_CTRL_SET_HDCP 
INFO:    USER-TA: Obfuse TA!
INFO:    USER-TA: THOR_OTP_SECURE_BOOT_SW : 2
INFO:    USER-TA: Goodbye!


